// Jest Snapshot v1, https://goo.gl/fbAQLP

exports[`SignIn Page renders with default props 1`] = `
<div>
  <div>
    SignIn Page
  </div>
  <div>
    <input
      onChange={[Function]}
      type="text"
      value=""
    />
    <br />
    <input
      onChange={[Function]}
      type="password"
      value=""
    />
    <br />
    <button
      onClick={[Function]}
      type="button"
    >
      Sign In
    </button>
    <br />
    <Link
      to="/signup"
    >
      Try SignUp
    </Link>
  </div>
</div>
`;
